// Jest Snapshot v1, https://goo.gl/fbAQLP

exports[`Label renders markup correctly 1`] = `
<label
  className="label"
>
  hello
</label>
`;
