// Jest Snapshot v1, https://goo.gl/fbAQLP

exports[`Button renders markup correctly 1`] = `
<button
  className="button"
  onClick={[Function]}
  type="button"
>
  Hello
</button>
`;
