// Jest Snapshot v1, https://goo.gl/fbAQLP

exports[`Form renders markup correctly 1`] = `
<form
  className="form"
  id="first"
  onSubmit={[Function]}
>
  <div
    className="form__container"
  />
</form>
`;
