// Jest Snapshot v1, https://goo.gl/fbAQLP

exports[`InputGroupSelectRadio renders markup correctly 1`] = `
<div
  className="input-group input-group-select-radio"
  id="input-group-name"
>
  <label
    className="label input-group__label"
    htmlFor="name"
  >
    Your Name
  </label>
  <div
    className="input-group input-group-radio"
    id="input-group-name-0"
  >
    <input
      autoFocus={false}
      className="input-group__input input-radio"
      defaultChecked={false}
      id="name-0"
      name="name"
      onChange={[Function]}
      type="radio"
      value="one"
    />
    <label
      className="label input-group__label"
      htmlFor="name-0"
    >
      one
    </label>
  </div>
  <div
    className="input-group input-group-radio"
    id="input-group-name-1"
  >
    <input
      autoFocus={false}
      className="input-group__input input-radio"
      defaultChecked={false}
      id="name-1"
      name="name"
      onChange={[Function]}
      type="radio"
      value="two"
    />
    <label
      className="label input-group__label"
      htmlFor="name-1"
    >
      two
    </label>
  </div>
</div>
`;
