// Jest Snapshot v1, https://goo.gl/fbAQLP

exports[`Info renders markup correctly 1`] = `
<small
  className="info"
>
  hello
</small>
`;
