// Jest Snapshot v1, https://goo.gl/fbAQLP

exports[`FormStep renders markup correctly 1`] = `
<form
  className="form form-step"
  id="first"
  noValidate={true}
  onSubmit={[Function]}
>
  <div
    className="form__container"
  />
</form>
`;
